# command : /home/vraje/xezim/target/release/xezim /home/vraje/s2r_runs/pll_sys/inv2/inv2_rnm.sv /home/vraje/s2r_runs/pll_sys/inv2/equivalence/tb_equiv.sv
# started : 2026-09-17T00:26:48.432080+00:00
# finished: 2026-09-17T00:26:48.432101+00:00
# exit    : 0

--- stdout ---
=== xezim 0.10.5 ===
git 531e42a (2026-09-11T07:58:43-07:00)
Max time: 100000 ns
------------------------------
------------------------------
Simulation finished at time 10008009
($finish called)

--- stderr ---
[PHASE] compilation: 56.7ms
[EVENT-EDGE] ARMED mode ON: 0 input signals, 0 fanout edges
[EVENT-EDGE] measure (timestamp): 2 edge blocks, 0 gateable, 0 gateable-with-EMPTY-data-reads, avg data-reads/gateable=0.00
[EVENT-EDGE] SKIP mode ON (sim_time >= 0) — skipping gateable flop fires with no data-input change
[PROF] settle=0.0ms edges=0.0ms nba=0.0ms process=0.0ms snap=0.0ms sched=0.0ms
[PROF] edge_waiters=0.0ms edge_cg=0.0ms waiter_iters=0
[PROF] clocks_only_detect=0 nba_elided=0 (iters with clocks-only scan / NBAs dropped at eval because value matched signal_table)
[PROF] edge_detect=0.0ms edge_exec=0.0ms edges_fired=1849 insns=1849 ns_per_insn=0.0 fallbacks=1849
[FUSE] array-read-NBA fusions (static sites): 0
[FUSE] packed-loop NBA copies (static sites): 0
[FUSE] packed blocking fills (dynamic executions): 0
[FUSE] const-operand ALU fusions (static sites): Add=0 Eq=0 CaseEq=0 Xor=0 total=0
[FUSE] Move-into-assign forwards (static sites): 0
[FUSE] provably-unsigned scrubs elided (static sites): 0
[FUSE] AddC2 superinstructions (static sites): 0
[PROF] fallback_reason                      Assertion: count=    1849 total=     4.0ms avg=    2.2µs
[PROF] settle_dc=0.0ms(1637) settle_ca=0.0ms(0) settle_ab=0.0ms(0)
[PROF] engine=event
[PROF] clock_tree: roots=0 entries=0 eager_evals=0
[PROF] settle_calls=4073 settle_iters=3273 max_iters=1 entry_evals=1637 unresolved_entries=0/1
[PROF] settle_writes=1636 (99.9% of evals changed a signal, 1 quiet) dep_edges=0 (0.0 per write)
[PROF] two_state_evals=0 (0 entries lowered)
[PROF] simulation_loop=212.3ms iters=2660 avg=79.82µs/iter
[COV] assertions: 2 sites (assert=2, assume=0, cover=0) — 1849 passes, 0 fails
[COV] coverage: 0 covergroup instances, 0 samples, 0 unique coverpoint values, 0 unique cross tuples
[COV] wrote coverage DB to xezim_cov.json
[PHASE] simulation: 212.9ms
[PHASE] total: 269.9ms
------------------------------
