# command : /home/vraje/ngspice-install/bin/ngspice -b /home/vraje/s2r_runs/dcc2/equivalence/spice_tran/transient.cir
# started : 2026-09-20T18:29:56.085905+00:00
# finished: 2026-09-20T18:29:57.207039+00:00
# exit    : 0

--- stdout ---

Note: No compatibility mode selected!


Circuit: duty-cycle corrector -- clock in, clock out, with the correction knob exposed

Doing analysis at TEMP = 27.000000 and TNOM = 27.000000

Using SPARSE 1.3 as Direct Linear Solver

Initial Transient Solution
--------------------------

Node                                   Voltage
----                                   -------
vdd                                        1.8
vb                                         0.7
vctrl                                      0.9
clk                                          0
tail                               4.76957e-10
n1                                     1.34956
n2                                 1.00691e-09
vout                                       1.8
vclk#branch                                  0
vctrl#branch                                 0
vb#branch                                    0
vdd#branch                         -6.0313e-12

 Reference value :  1.21333e-07
 Reference value :  2.55871e-07
 Reference value :  3.60648e-07
 Reference value :  4.62403e-07
No. of Data Rows : 40311
Note: Simulation executed from .control section

--- stderr ---
Warning: Model issue on line 52 :
  .model nch nmos(level=3 vto=0.45 kp=300u gamma=0.4 phi=0.7 lambda=0.02 t ...
unrecognized parameter (lambda) - ignored

Warning: Model issue on line 53 :
  .model pch pmos(level=3 vto=-0.45 kp=120u gamma=0.4 phi=0.7 lambda=0.03  ...
unrecognized parameter (lambda) - ignored
