=== xezim 0.10.5 ===
git 531e42a (2026-09-11T07:58:43-07:00)
Max time: 1000000 ns
------------------------------
CPEQ 0 0.150000 9.074533865e-03
CPEQ 0 0.450000 8.864216920e-03
CPEQ 0 0.750000 8.630268615e-03
CPEQ 0 1.050000 8.356686180e-03
CPEQ 0 1.350000 8.010291655e-03
CPEQ 0 1.650000 7.526118375e-03
CPEQ 0 1.950000 6.827911730e-03
CPEQ 0 2.250000 5.865165175e-03
CPEQ 0 2.550000 4.606356450e-03
CPEQ 0 2.850000 3.019933820e-03
CPEQ 0 3.150000 1.070331405e-03
CPEQ 2 0.150000 -2.053729600e-11
CPEQ 2 0.450000 -6.906988165e-10
CPEQ 2 0.750000 -9.723872455e-10
CPEQ 2 1.050000 -1.230388100e-09
CPEQ 2 1.350000 -1.489748855e-09
CPEQ 2 1.650000 -1.765412430e-09
CPEQ 2 1.950000 -2.067850285e-09
CPEQ 2 2.250000 -2.405362190e-09
CPEQ 2 2.550000 -2.785294300e-09
CPEQ 2 2.850000 -3.214751595e-09
CPEQ 2 3.150000 -3.701629010e-09
CPEQ 1 0.150000 8.390232915e-03
CPEQ 1 0.450000 6.961839335e-03
CPEQ 1 0.750000 5.791474700e-03
CPEQ 1 1.050000 4.827443130e-03
CPEQ 1 1.350000 4.004177945e-03
CPEQ 1 1.650000 3.207962070e-03
CPEQ 1 1.950000 2.298152800e-03
CPEQ 1 2.250000 1.176794731e-03
CPEQ 1 2.550000 -2.111838920e-04
CPEQ 1 2.850000 -1.909235258e-03
CPEQ 1 3.150000 -3.959294720e-03
CPEQ 3 0.150000 -6.843009706e-04
CPEQ 3 0.450000 -1.902378275e-03
CPEQ 3 0.750000 -2.838794885e-03
CPEQ 3 1.050000 -3.529244280e-03
CPEQ 3 1.350000 -4.006115200e-03
CPEQ 3 1.650000 -4.318158070e-03
CPEQ 3 1.950000 -4.529761000e-03
CPEQ 3 2.250000 -4.688372850e-03
CPEQ 3 2.550000 -4.817543125e-03
CPEQ 3 2.850000 -4.929172290e-03
CPEQ 3 3.150000 -5.029629825e-03
CPEQ 0 -0.825000 9.175150460e-03
CPEQ 0 4.125000 -3.960506540e-09
CPEQ-DONE
------------------------------
Simulation finished at time 46
($finish called)
[PHASE] compilation: 9.5ms
[EVENT-EDGE] ARMED mode ON: 0 input signals, 0 fanout edges
[EVENT-EDGE] measure (timestamp): 0 edge blocks, 0 gateable, 0 gateable-with-EMPTY-data-reads, avg data-reads/gateable=0.00
[EVENT-EDGE] SKIP mode ON (sim_time >= 0) — skipping gateable flop fires with no data-input change
[PROF] settle=0.0ms edges=0.0ms nba=0.0ms process=0.0ms snap=0.0ms sched=0.0ms
[PROF] edge_waiters=0.0ms edge_cg=0.0ms waiter_iters=0
[PROF] clocks_only_detect=0 nba_elided=0 (iters with clocks-only scan / NBAs dropped at eval because value matched signal_table)
[PROF] edge_detect=0.0ms edge_exec=0.0ms edges_fired=0 insns=205886 ns_per_insn=0.0 fallbacks=0
[FUSE] array-read-NBA fusions (static sites): 0
[FUSE] packed-loop NBA copies (static sites): 0
[FUSE] packed blocking fills (dynamic executions): 0
[FUSE] const-operand ALU fusions (static sites): Add=8 Eq=0 CaseEq=0 Xor=0 total=8
[FUSE] Move-into-assign forwards (static sites): 0
[FUSE] provably-unsigned scrubs elided (static sites): 4
[FUSE] AddC2 superinstructions (static sites): 0
[PROF] settle_dc=0.0ms(47) settle_ca=0.0ms(0) settle_ab=0.0ms(296)
[PROF] engine=event
[PROF] clock_tree: roots=0 entries=0 eager_evals=0
[PROF] settle_calls=194 settle_iters=194 max_iters=1 entry_evals=343 unresolved_entries=0/3
[PROF] settle_writes=146 (42.6% of evals changed a signal, 197 quiet) dep_edges=51 (0.3 per write)
[PROF] two_state_evals=0 (0 entries lowered)
[PROF] simulation_loop=4.2ms iters=47 avg=90.16µs/iter
[PHASE] simulation: 4.5ms
[PHASE] total: 14.1ms
------------------------------
