=== xezim 0.10.5 ===
git 531e42a (2026-09-11T07:58:43-07:00)
Max time: 50000000 ns
------------------------------
VCOEQ 0.495000 8.044793410e+08
VCOEQ 0.783750 7.353278833e+08
VCOEQ 1.072500 6.634510741e+08
VCOEQ 1.361250 5.803907515e+08
VCOEQ 1.650000 4.774069876e+08
VCOEQ 1.796733 4.205390622e+08
VCOEQ 1.823781 4.100249493e+08
VCOEQ 1.850828 3.995445240e+08
VCOEQ 1.877876 3.891133577e+08
VCOEQ 1.904924 3.787439438e+08
VCOEQ 1.938750 3.658718232e+08
VCOEQ 2.227500 2.570140080e+08
VCOEQ 2.516250 1.366262608e+08
VCOEQ 2.660625 7.416337947e+07
VCOEQ 2.732812 4.240916850e+07
VCOEQ 2.805000 1.673962007e+07
VCOEQ 0.639375 7.699034102e+08
VCOEQ 0.928125 6.993894753e+08
VCOEQ 1.216875 6.219209201e+08
VCOEQ 1.505625 5.288988773e+08
VCOEQ 1.794375 4.214529347e+08
VCOEQ 1.810257 4.152820057e+08
VCOEQ 1.837305 4.047845403e+08
VCOEQ 1.864352 3.943289425e+08
VCOEQ 1.891400 3.839286138e+08
VCOEQ 2.083125 3.114429194e+08
VCOEQ 2.371875 1.968201365e+08
VCOEQ 2.588437 1.053950371e+08
VCOEQ 2.696719 5.828605420e+07
VCOEQ 2.768906 2.957439444e+07
VCOEQ-DONE
------------------------------
Simulation finished at time 44150747231
($finish called)
[PHASE] compilation: 15.4ms
[EVENT-EDGE] ARMED mode ON: 0 input signals, 0 fanout edges
[EVENT-EDGE] measure (timestamp): 2 edge blocks, 0 gateable, 0 gateable-with-EMPTY-data-reads, avg data-reads/gateable=0.00
[EVENT-EDGE] SKIP mode ON (sim_time >= 0) — skipping gateable flop fires with no data-input change
[PROF] settle=0.0ms edges=0.0ms nba=0.0ms process=0.0ms snap=0.0ms sched=0.0ms
[PROF] edge_waiters=0.0ms edge_cg=0.0ms waiter_iters=2297471
[PROF] clocks_only_detect=0 nba_elided=0 (iters with clocks-only scan / NBAs dropped at eval because value matched signal_table)
[PROF] edge_detect=0.0ms edge_exec=0.0ms edges_fired=60 insns=5683000 ns_per_insn=0.0 fallbacks=60
[FUSE] array-read-NBA fusions (static sites): 0
[FUSE] packed-loop NBA copies (static sites): 0
[FUSE] packed blocking fills (dynamic executions): 0
[FUSE] const-operand ALU fusions (static sites): Add=0 Eq=0 CaseEq=0 Xor=0 total=0
[FUSE] Move-into-assign forwards (static sites): 0
[FUSE] provably-unsigned scrubs elided (static sites): 0
[FUSE] AddC2 superinstructions (static sites): 0
[PROF] fallback_reason                      Assertion: count=      60 total=     0.2ms avg=    3.9µs
[PROF] settle_dc=0.0ms(0) settle_ca=0.0ms(0) settle_ab=0.0ms(0)
[PROF] engine=event
[PROF] clock_tree: roots=0 entries=0 eager_evals=0
[PROF] settle_calls=32 settle_iters=0 max_iters=0 entry_evals=0 unresolved_entries=0/0
[PROF] settle_writes=0 (0.0% of evals changed a signal, 0 quiet) dep_edges=0 (0.0 per write)
[PROF] two_state_evals=0 (0 entries lowered)
[PROF] simulation_loop=72892.6ms iters=1148304 avg=63.48µs/iter
[COV] assertions: 2 sites (assert=2, assume=0, cover=0) — 60 passes, 0 fails
[COV] coverage: 0 covergroup instances, 0 samples, 0 unique coverpoint values, 0 unique cross tuples
[COV] wrote coverage DB to xezim_cov.json
[PHASE] simulation: 72909.2ms
[PHASE] total: 72924.6ms
------------------------------
